{
    "datasets": [
        {
            "data": [
                5,
                5,
                10
            ]
        }
    ],
    "labels": [
        "Jul 2025",
        "Aug 2025",
        "Sep 2025"
    ]
}