{
    "datasets": [
        {
            "data": [
                0,
                0,
                0,
                0,
                0,
                0,
                0,
                0,
                0,
                0,
                0,
                0
            ]
        }
    ],
    "labels": [
        "Jan 2024",
        "Feb 2024",
        "Mar 2024",
        "Apr 2024",
        "May 2024",
        "Jun 2024",
        "Jul 2024",
        "Aug 2024",
        "Sep 2024",
        "Oct 2024",
        "Nov 2024",
        "Dec 2024"
    ]
}