{
    "datasets": [
        {
            "data": [
                25,
                0,
                0,
                25
            ]
        }
    ],
    "labels": [
        "May 2025",
        "Jun 2025",
        "Jul 2025",
        "Aug 2025"
    ]
}