{
    "datasets": [
        {
            "label": "Email",
            "data": [
                5,
                0,
                0,
                0
            ],
            "borderColor": "#2C8BCA",
            "pointBackgroundColor": "#2C8BCA"
        },
        {
            "label": "SMS",
            "data": [
                0,
                0,
                0,
                5
            ],
            "borderColor": "#FDCC46",
            "pointBackgroundColor": "#FDCC46"
        }
    ],
    "labels": [
        "Jul 2025",
        "Aug 2025",
        "Sep 2025",
        "Oct 2025"
    ]
}