{
    "datasets": [
        {
            "label": "Email",
            "data": [
                0,
                0,
                0,
                0,
                0,
                0,
                0,
                0,
                0,
                0,
                0,
                0
            ],
            "borderColor": "#2C8BCA",
            "pointBackgroundColor": "#2C8BCA"
        },
        {
            "label": "SMS",
            "data": [
                0,
                0,
                0,
                0,
                0,
                0,
                0,
                0,
                0,
                0,
                0,
                0
            ],
            "borderColor": "#FDCC46",
            "pointBackgroundColor": "#FDCC46"
        }
    ],
    "labels": [
        "Sep 2024",
        "Oct 2024",
        "Nov 2024",
        "Dec 2024",
        "Jan 2025",
        "Feb 2025",
        "Mar 2025",
        "Apr 2025",
        "May 2025",
        "Jun 2025",
        "Jul 2025",
        "Aug 2025"
    ]
}