{
    "datasets": [
        {
            "data": [
                5,
                5,
                5,
                10
            ]
        }
    ],
    "labels": [
        "Mar 2025",
        "Apr 2025",
        "May 2025",
        "Jun 2025"
    ]
}