{
    "datasets": [
        {
            "data": [
                0,
                0,
                0,
                0,
                0,
                0,
                0,
                0,
                0,
                0,
                0,
                2
            ]
        }
    ],
    "labels": [
        "Jul 2024",
        "Aug 2024",
        "Sep 2024",
        "Oct 2024",
        "Nov 2024",
        "Dec 2024",
        "Jan 2025",
        "Feb 2025",
        "Mar 2025",
        "Apr 2025",
        "May 2025",
        "Jun 2025"
    ]
}